Job is running on soctf-pdc-023.d1.comp.nus.edu.sg, started at Wed Nov  1 11:35:42 PM +08 2023
Running make to compile your code...
make: Nothing to be done for 'all'.
Created temporary file on soctf-pdc-023.d1.comp.nus.edu.sg for job output evaluation after this run at /tmp/72199.txt
Running...
+ tee /tmp/72199.txt
+ mpirun --map-by core --bind-to core ./distr-sched-seq 5 2 4 0.50 tests/po.in
EXECUTION TRACE: Task #3211: depth 0, type 1, seed 3211, output 77946 (3 descendants)
EXECUTION TRACE: Task #114464927: depth 1, type 1, seed 114464927, output 12901 (3 descendants)
EXECUTION TRACE: Task #1162865875: depth 1, type 1, seed 1162865875, output 23158 (4 descendants)
EXECUTION TRACE: Task #151359543: depth 1, type 5, seed 151359543, output 1179565369 (2 descendants)
EXECUTION TRACE: Task #100986439: depth 2, type 4, seed 100986439, output 1681023797 (4 descendants)
EXECUTION TRACE: Task #4063272635: depth 2, type 2, seed 4063272635, output 1778444019 (3 descendants)
EXECUTION TRACE: Task #2853632855: depth 2, type 1, seed 2853632855, output 12879 (2 descendants)
EXECUTION TRACE: Task #1459259789: depth 2, type 1, seed 1459259789, output 50332 (4 descendants)
EXECUTION TRACE: Task #2049750889: depth 2, type 3, seed 2049750889, output 15481 (3 descendants)
EXECUTION TRACE: Task #1407732981: depth 2, type 2, seed 1407732981, output 166217694 (3 descendants)
EXECUTION TRACE: Task #3192186617: depth 2, type 4, seed 3192186617, output 1647732326 (3 descendants)
EXECUTION TRACE: Task #259875695: depth 2, type 3, seed 259875695, output 19248 (3 descendants)
EXECUTION TRACE: Task #2307844642: depth 2, type 3, seed 2307844642, output 14903 (3 descendants)
EXECUTION TRACE: Task #4254884870: depth 3, type 5, seed 4254884870, output 1217608106 (3 descendants)
EXECUTION TRACE: Task #3572815607: depth 3, type 1, seed 3572815607, output 75769 (2 descendants)
EXECUTION TRACE: Task #1431925580: depth 3, type 5, seed 1431925580, output 1818522451 (3 descendants)
EXECUTION TRACE: Task #3419601701: depth 3, type 1, seed 3419601701, output 73725 (4 descendants)
EXECUTION TRACE: Task #3261263173: depth 3, type 2, seed 3261263173, output 3973848066 (3 descendants)
EXECUTION TRACE: Task #2811646319: depth 3, type 2, seed 2811646319, output 654755034 (3 descendants)
EXECUTION TRACE: Task #710417032: depth 3, type 1, seed 710417032, output 53514 (3 descendants)
EXECUTION TRACE: Task #442712388: depth 3, type 1, seed 442712388, output 31809 (2 descendants)
EXECUTION TRACE: Task #304895359: depth 3, type 5, seed 304895359, output 1782988029 (3 descendants)
EXECUTION TRACE: Task #506560804: depth 3, type 4, seed 506560804, output 1715036516 (3 descendants)
EXECUTION TRACE: Task #3481864683: depth 3, type 2, seed 3481864683, output 3452234984 (4 descendants)
EXECUTION TRACE: Task #3851716707: depth 3, type 5, seed 3851716707, output 217555790 (2 descendants)
EXECUTION TRACE: Task #438207282: depth 3, type 1, seed 438207282, output 56429 (4 descendants)
EXECUTION TRACE: Task #1663889485: depth 3, type 1, seed 1663889485, output 66382 (4 descendants)
EXECUTION TRACE: Task #2747392812: depth 3, type 2, seed 2747392812, output 1760933112 (3 descendants)
EXECUTION TRACE: Task #4119719485: depth 3, type 3, seed 4119719485, output 19322 (3 descendants)
EXECUTION TRACE: Task #3282935578: depth 3, type 5, seed 3282935578, output 95069519 (3 descendants)
EXECUTION TRACE: Task #162936829: depth 3, type 5, seed 162936829, output 4097905174 (4 descendants)
EXECUTION TRACE: Task #4195240277: depth 3, type 5, seed 4195240277, output 151900662 (3 descendants)
EXECUTION TRACE: Task #4211819011: depth 3, type 2, seed 4211819011, output 961448200 (3 descendants)
EXECUTION TRACE: Task #9614307: depth 3, type 3, seed 9614307, output 14533 (2 descendants)
EXECUTION TRACE: Task #2014647437: depth 3, type 1, seed 2014647437, output 8730 (3 descendants)
EXECUTION TRACE: Task #2404555104: depth 3, type 3, seed 2404555104, output 13256 (2 descendants)
EXECUTION TRACE: Task #1456291876: depth 3, type 5, seed 1456291876, output 618240931 (3 descendants)
EXECUTION TRACE: Task #1339168939: depth 3, type 1, seed 1339168939, output 17199 (3 descendants)
EXECUTION TRACE: Task #1916090224: depth 3, type 4, seed 1916090224, output 1630681441 (2 descendants)
EXECUTION TRACE: Task #1552525134: depth 3, type 2, seed 1552525134, output 1215668217 (2 descendants)
EXECUTION TRACE: Task #1547715904: depth 3, type 3, seed 1547715904, output 15759 (2 descendants)
EXECUTION TRACE: Task #3393484745: depth 4, type 4, seed 3393484745, output 845493816 (4 descendants)
EXECUTION TRACE: Task #3562218409: depth 4, type 2, seed 3562218409, output 3967189963 (3 descendants)
EXECUTION TRACE: Task #1061088291: depth 4, type 3, seed 1061088291, output 10658 (2 descendants)
EXECUTION TRACE: Task #3053853073: depth 4, type 2, seed 3053853073, output 1671862885 (3 descendants)
EXECUTION TRACE: Task #2698813303: depth 4, type 5, seed 2698813303, output 1037223475 (2 descendants)
EXECUTION TRACE: Task #1120246482: depth 4, type 1, seed 1120246482, output 12983 (3 descendants)
EXECUTION TRACE: Task #1977601267: depth 4, type 4, seed 1977601267, output 825373284 (2 descendants)
EXECUTION TRACE: Task #3745098054: depth 4, type 5, seed 3745098054, output 513168500 (3 descendants)
EXECUTION TRACE: Task #2187647900: depth 4, type 1, seed 2187647900, output 10629 (3 descendants)
EXECUTION TRACE: Task #622950806: depth 4, type 2, seed 622950806, output 2425109008 (3 descendants)
EXECUTION TRACE: Task #2097061626: depth 4, type 3, seed 2097061626, output 12640 (3 descendants)
EXECUTION TRACE: Task #2905389024: depth 4, type 1, seed 2905389024, output 8978 (3 descendants)
EXECUTION TRACE: Task #3197651702: depth 4, type 2, seed 3197651702, output 3322272910 (2 descendants)
EXECUTION TRACE: Task #4230830848: depth 4, type 5, seed 4230830848, output 3545785973 (3 descendants)
EXECUTION TRACE: Task #2677434225: depth 4, type 5, seed 2677434225, output 3606601755 (2 descendants)
EXECUTION TRACE: Task #386780558: depth 4, type 5, seed 386780558, output 4201879540 (2 descendants)
EXECUTION TRACE: Task #3162817670: depth 4, type 3, seed 3162817670, output 19363 (3 descendants)
EXECUTION TRACE: Task #2962783959: depth 4, type 5, seed 2962783959, output 1290709752 (3 descendants)
EXECUTION TRACE: Task #25659769: depth 4, type 3, seed 25659769, output 12485 (2 descendants)
EXECUTION TRACE: Task #3745655452: depth 4, type 3, seed 3745655452, output 6247 (4 descendants)
EXECUTION TRACE: Task #729457203: depth 4, type 1, seed 729457203, output 79820 (2 descendants)
EXECUTION TRACE: Task #2535855448: depth 4, type 4, seed 2535855448, output 926495031 (4 descendants)
EXECUTION TRACE: Task #160105294: depth 4, type 4, seed 160105294, output 929194550 (3 descendants)
EXECUTION TRACE: Task #2839131971: depth 4, type 2, seed 2839131971, output 3017219623 (4 descendants)
EXECUTION TRACE: Task #3206875942: depth 4, type 2, seed 3206875942, output 2189453420 (3 descendants)
EXECUTION TRACE: Task #585010550: depth 4, type 3, seed 585010550, output 13820 (3 descendants)
EXECUTION TRACE: Task #1759487249: depth 4, type 2, seed 1759487249, output 1426336697 (2 descendants)
EXECUTION TRACE: Task #1169995233: depth 4, type 3, seed 1169995233, output 13682 (3 descendants)
EXECUTION TRACE: Task #4294485898: depth 4, type 5, seed 4294485898, output 593770010 (3 descendants)
EXECUTION TRACE: Task #4092812761: depth 4, type 1, seed 4092812761, output 65637 (3 descendants)
EXECUTION TRACE: Task #1077233151: depth 4, type 3, seed 1077233151, output 7647 (3 descendants)
EXECUTION TRACE: Task #1156930525: depth 4, type 1, seed 1156930525, output 55957 (3 descendants)
EXECUTION TRACE: Task #154280064: depth 4, type 2, seed 154280064, output 111397755 (2 descendants)
EXECUTION TRACE: Task #859912403: depth 4, type 4, seed 859912403, output 1630679601 (2 descendants)
EXECUTION TRACE: Task #1816452309: depth 4, type 4, seed 1816452309, output 842086199 (3 descendants)
EXECUTION TRACE: Task #1704365916: depth 4, type 3, seed 1704365916, output 17255 (3 descendants)
EXECUTION TRACE: Task #1518907451: depth 4, type 4, seed 1518907451, output 862335588 (4 descendants)
EXECUTION TRACE: Task #3012976571: depth 4, type 1, seed 3012976571, output 52966 (3 descendants)
EXECUTION TRACE: Task #429638469: depth 4, type 5, seed 429638469, output 4019366539 (3 descendants)
EXECUTION TRACE: Task #3050380210: depth 4, type 1, seed 3050380210, output 15267 (3 descendants)
EXECUTION TRACE: Task #2557933775: depth 4, type 1, seed 2557933775, output 69349 (3 descendants)
EXECUTION TRACE: Task #2699528987: depth 4, type 4, seed 2699528987, output 1697985074 (2 descendants)
EXECUTION TRACE: Task #914332920: depth 4, type 3, seed 914332920, output 13369 (3 descendants)
EXECUTION TRACE: Task #3162629015: depth 4, type 2, seed 3162629015, output 4126193053 (2 descendants)
EXECUTION TRACE: Task #3532575393: depth 4, type 5, seed 3532575393, output 1744170522 (3 descendants)
EXECUTION TRACE: Task #1540451130: depth 4, type 5, seed 1540451130, output 1809649811 (3 descendants)
EXECUTION TRACE: Task #897581459: depth 4, type 3, seed 897581459, output 11078 (3 descendants)
EXECUTION TRACE: Task #372512852: depth 4, type 4, seed 372512852, output 1714513464 (3 descendants)
EXECUTION TRACE: Task #3517380099: depth 4, type 1, seed 3517380099, output 13115 (3 descendants)
EXECUTION TRACE: Task #39060695: depth 4, type 1, seed 39060695, output 25993 (3 descendants)
EXECUTION TRACE: Task #3035086790: depth 4, type 3, seed 3035086790, output 9900 (2 descendants)
EXECUTION TRACE: Task #4045677253: depth 4, type 4, seed 4045677253, output 959930723 (4 descendants)
EXECUTION TRACE: Task #1405720711: depth 4, type 3, seed 1405720711, output 6928 (3 descendants)
EXECUTION TRACE: Task #1499506763: depth 4, type 5, seed 1499506763, output 724901342 (2 descendants)
EXECUTION TRACE: Task #3919283884: depth 4, type 5, seed 3919283884, output 3545705914 (2 descendants)
EXECUTION TRACE: Task #1822568542: depth 4, type 4, seed 1822568542, output 1681286449 (3 descendants)
EXECUTION TRACE: Task #4062591602: depth 4, type 4, seed 4062591602, output 912352820 (3 descendants)
EXECUTION TRACE: Task #4226991412: depth 4, type 5, seed 4226991412, output 3450549712 (2 descendants)
EXECUTION TRACE: Task #1049899968: depth 4, type 4, seed 1049899968, output 926180147 (2 descendants)
EXECUTION TRACE: Task #1699600140: depth 4, type 5, seed 1699600140, output 3949233757 (3 descendants)
EXECUTION TRACE: Task #2236666486: depth 4, type 1, seed 2236666486, output 8788 (3 descendants)
EXECUTION TRACE: Task #3512398174: depth 4, type 1, seed 3512398174, output 60095 (2 descendants)
EXECUTION TRACE: Task #4141157408: depth 4, type 2, seed 4141157408, output 450675423 (2 descendants)
EXECUTION TRACE: Task #4080959002: depth 4, type 5, seed 4080959002, output 114139711 (3 descendants)
EXECUTION TRACE: Task #1786627609: depth 4, type 2, seed 1786627609, output 3484776572 (3 descendants)
EXECUTION TRACE: Task #1517156969: depth 4, type 4, seed 1517156969, output 1664432483 (4 descendants)
EXECUTION TRACE: Task #236153854: depth 4, type 3, seed 236153854, output 15545 (3 descendants)
EXECUTION TRACE: Task #1131440532: depth 4, type 2, seed 1131440532, output 2826137833 (4 descendants)
EXECUTION TRACE: Task #1176541625: depth 4, type 1, seed 1176541625, output 30585 (3 descendants)
EXECUTION TRACE: Task #2198582693: depth 4, type 5, seed 2198582693, output 1345771494 (2 descendants)
EXECUTION TRACE: Task #1491921680: depth 4, type 1, seed 1491921680, output 46837 (3 descendants)
EXECUTION TRACE: Task #3306903371: depth 4, type 2, seed 3306903371, output 1880922613 (3 descendants)
EXECUTION TRACE: Task #2798918119: depth 4, type 5, seed 2798918119, output 3028115056 (3 descendants)
EXECUTION TRACE: Task #312757854: depth 4, type 4, seed 312757854, output 1664430904 (4 descendants)
EXECUTION TRACE: Task #681399214: depth 4, type 2, seed 681399214, output 960798176 (3 descendants)
EXECUTION TRACE: Task #1787213923: depth 4, type 5, seed 1787213923, output 3872570766 (2 descendants)
EXECUTION TRACE: Task #2487260301: depth 4, type 1, seed 2487260301, output 51017 (4 descendants)
EXECUTION TRACE: Task #2782872190: depth 4, type 1, seed 2782872190, output 16065 (2 descendants)
EXECUTION TRACE: Task #1083383027: depth 4, type 5, seed 1083383027, output 3323699540 (3 descendants)
EXECUTION TRACE: Task #3363835260: depth 4, type 3, seed 3363835260, output 18470 (3 descendants)
EXECUTION TRACE: Task #2117999338: depth 4, type 3, seed 2117999338, output 11898 (2 descendants)
EXECUTION TRACE: Task #683005557: depth 5, type 1, seed 683005557, output 78877 (0 descendants)
EXECUTION TRACE: Task #3177923042: depth 5, type 1, seed 3177923042, output 8068 (0 descendants)
EXECUTION TRACE: Task #3239088082: depth 5, type 5, seed 3239088082, output 3512971135 (0 descendants)
EXECUTION TRACE: Task #4244677932: depth 5, type 4, seed 4244677932, output 808739428 (0 descendants)
EXECUTION TRACE: Task #416895642: depth 5, type 3, seed 416895642, output 6606 (0 descendants)
EXECUTION TRACE: Task #3026079225: depth 5, type 3, seed 3026079225, output 11522 (0 descendants)
EXECUTION TRACE: Task #1447459886: depth 5, type 1, seed 1447459886, output 78032 (0 descendants)
EXECUTION TRACE: Task #556638624: depth 5, type 5, seed 556638624, output 2251818674 (0 descendants)
EXECUTION TRACE: Task #1507522516: depth 5, type 2, seed 1507522516, output 1517769102 (0 descendants)
EXECUTION TRACE: Task #443011577: depth 5, type 2, seed 443011577, output 1720222952 (0 descendants)
EXECUTION TRACE: Task #2028652966: depth 5, type 4, seed 2028652966, output 859060065 (0 descendants)
EXECUTION TRACE: Task #1041859137: depth 5, type 4, seed 1041859137, output 862271844 (0 descendants)
EXECUTION TRACE: Task #1190489867: depth 5, type 1, seed 1190489867, output 55262 (0 descendants)
EXECUTION TRACE: Task #1965089798: depth 5, type 3, seed 1965089798, output 18320 (0 descendants)
EXECUTION TRACE: Task #3105954553: depth 5, type 4, seed 3105954553, output 876111205 (0 descendants)
EXECUTION TRACE: Task #1314228462: depth 5, type 3, seed 1314228462, output 14908 (0 descendants)
EXECUTION TRACE: Task #2087772525: depth 5, type 5, seed 2087772525, output 1275557048 (0 descendants)
EXECUTION TRACE: Task #1918148839: depth 5, type 4, seed 1918148839, output 1680945251 (0 descendants)
EXECUTION TRACE: Task #561074046: depth 5, type 1, seed 561074046, output 76943 (0 descendants)
EXECUTION TRACE: Task #3358091764: depth 5, type 5, seed 3358091764, output 1543754710 (0 descendants)
EXECUTION TRACE: Task #4057821077: depth 5, type 2, seed 4057821077, output 2802652621 (0 descendants)
EXECUTION TRACE: Task #3734226647: depth 5, type 5, seed 3734226647, output 692655558 (0 descendants)
EXECUTION TRACE: Task #1439987019: depth 5, type 3, seed 1439987019, output 17059 (0 descendants)
EXECUTION TRACE: Task #4212126073: depth 5, type 5, seed 4212126073, output 931005808 (0 descendants)
EXECUTION TRACE: Task #1755145144: depth 5, type 5, seed 1755145144, output 2770166858 (0 descendants)
EXECUTION TRACE: Task #1737974580: depth 5, type 1, seed 1737974580, output 64145 (0 descendants)
EXECUTION TRACE: Task #532060442: depth 5, type 4, seed 532060442, output 811874098 (0 descendants)
EXECUTION TRACE: Task #2240003476: depth 5, type 1, seed 2240003476, output 32461 (0 descendants)
EXECUTION TRACE: Task #3028582627: depth 5, type 4, seed 3028582627, output 1664234809 (0 descendants)
EXECUTION TRACE: Task #243378680: depth 5, type 3, seed 243378680, output 9832 (0 descendants)
EXECUTION TRACE: Task #74336799: depth 5, type 5, seed 74336799, output 195178185 (0 descendants)
EXECUTION TRACE: Task #406456595: depth 5, type 2, seed 406456595, output 1765628422 (0 descendants)
EXECUTION TRACE: Task #4282099216: depth 5, type 3, seed 4282099216, output 8733 (0 descendants)
EXECUTION TRACE: Task #2786033896: depth 5, type 3, seed 2786033896, output 6611 (0 descendants)
EXECUTION TRACE: Task #17828722: depth 5, type 5, seed 17828722, output 179420536 (0 descendants)
EXECUTION TRACE: Task #2528384024: depth 5, type 5, seed 2528384024, output 1379665989 (0 descendants)
EXECUTION TRACE: Task #2103685018: depth 5, type 4, seed 2103685018, output 1717843506 (0 descendants)
EXECUTION TRACE: Task #3209641069: depth 5, type 5, seed 3209641069, output 3433359425 (0 descendants)
EXECUTION TRACE: Task #34472222: depth 5, type 3, seed 34472222, output 9720 (0 descendants)
EXECUTION TRACE: Task #728762077: depth 5, type 4, seed 728762077, output 895837283 (0 descendants)
EXECUTION TRACE: Task #1997056134: depth 5, type 4, seed 1997056134, output 808728678 (0 descendants)
EXECUTION TRACE: Task #2895820136: depth 5, type 2, seed 2895820136, output 1666695898 (0 descendants)
EXECUTION TRACE: Task #3852342965: depth 5, type 5, seed 3852342965, output 2736357026 (0 descendants)
EXECUTION TRACE: Task #2559764291: depth 5, type 3, seed 2559764291, output 9437 (0 descendants)
EXECUTION TRACE: Task #3427318598: depth 5, type 2, seed 3427318598, output 2344017350 (0 descendants)
EXECUTION TRACE: Task #850368390: depth 5, type 5, seed 850368390, output 3822232968 (0 descendants)
EXECUTION TRACE: Task #3919725318: depth 5, type 3, seed 3919725318, output 8330 (0 descendants)
EXECUTION TRACE: Task #58273371: depth 5, type 4, seed 58273371, output 1714501171 (0 descendants)
EXECUTION TRACE: Task #627738538: depth 5, type 3, seed 627738538, output 16172 (0 descendants)
EXECUTION TRACE: Task #1469277465: depth 5, type 1, seed 1469277465, output 34755 (0 descendants)
EXECUTION TRACE: Task #2982225014: depth 5, type 4, seed 2982225014, output 845296693 (0 descendants)
EXECUTION TRACE: Task #2728028570: depth 5, type 5, seed 2728028570, output 461155570 (0 descendants)
EXECUTION TRACE: Task #1176307031: depth 5, type 5, seed 1176307031, output 3000796278 (0 descendants)
EXECUTION TRACE: Task #3425157142: depth 5, type 3, seed 3425157142, output 11429 (0 descendants)
EXECUTION TRACE: Task #17435279: depth 5, type 4, seed 17435279, output 1630746418 (0 descendants)
EXECUTION TRACE: Task #1621993788: depth 5, type 2, seed 1621993788, output 2382137981 (0 descendants)
EXECUTION TRACE: Task #1215865813: depth 5, type 2, seed 1215865813, output 3291360794 (0 descendants)
EXECUTION TRACE: Task #2256461331: depth 5, type 2, seed 2256461331, output 1705057291 (0 descendants)
EXECUTION TRACE: Task #1533389164: depth 5, type 5, seed 1533389164, output 124615317 (0 descendants)
EXECUTION TRACE: Task #3774680637: depth 5, type 5, seed 3774680637, output 1225612506 (0 descendants)
EXECUTION TRACE: Task #2866076639: depth 5, type 4, seed 2866076639, output 842610485 (0 descendants)
EXECUTION TRACE: Task #3898241635: depth 5, type 5, seed 3898241635, output 1688684472 (0 descendants)
EXECUTION TRACE: Task #2201231585: depth 5, type 4, seed 2201231585, output 1647928372 (0 descendants)
EXECUTION TRACE: Task #499513756: depth 5, type 3, seed 499513756, output 7637 (0 descendants)
EXECUTION TRACE: Task #1287904662: depth 5, type 2, seed 1287904662, output 153066037 (0 descendants)
EXECUTION TRACE: Task #3298958456: depth 5, type 1, seed 3298958456, output 39021 (0 descendants)
EXECUTION TRACE: Task #1856245935: depth 5, type 3, seed 1856245935, output 13740 (0 descendants)
EXECUTION TRACE: Task #1643219478: depth 5, type 2, seed 1643219478, output 2932507974 (0 descendants)
EXECUTION TRACE: Task #1776350381: depth 5, type 3, seed 1776350381, output 17318 (0 descendants)
EXECUTION TRACE: Task #2225279300: depth 5, type 3, seed 2225279300, output 11078 (0 descendants)
EXECUTION TRACE: Task #3050282232: depth 5, type 4, seed 3050282232, output 926365027 (0 descendants)
EXECUTION TRACE: Task #3001116966: depth 5, type 5, seed 3001116966, output 2337713411 (0 descendants)
EXECUTION TRACE: Task #1451384220: depth 5, type 5, seed 1451384220, output 126916020 (0 descendants)
EXECUTION TRACE: Task #1645343257: depth 5, type 3, seed 1645343257, output 8220 (0 descendants)
EXECUTION TRACE: Task #3127471237: depth 5, type 4, seed 3127471237, output 959604280 (0 descendants)
EXECUTION TRACE: Task #4254023096: depth 5, type 3, seed 4254023096, output 20487 (0 descendants)
EXECUTION TRACE: Task #75048505: depth 5, type 4, seed 75048505, output 1681275186 (0 descendants)
EXECUTION TRACE: Task #690084594: depth 5, type 3, seed 690084594, output 17853 (0 descendants)
EXECUTION TRACE: Task #4173822893: depth 5, type 4, seed 4173822893, output 959932005 (0 descendants)
EXECUTION TRACE: Task #43726790: depth 5, type 1, seed 43726790, output 56789 (0 descendants)
EXECUTION TRACE: Task #1749208523: depth 5, type 1, seed 1749208523, output 45003 (0 descendants)
EXECUTION TRACE: Task #847459439: depth 5, type 3, seed 847459439, output 10181 (0 descendants)
EXECUTION TRACE: Task #1208445713: depth 5, type 3, seed 1208445713, output 16205 (0 descendants)
EXECUTION TRACE: Task #1136350332: depth 5, type 1, seed 1136350332, output 65909 (0 descendants)
EXECUTION TRACE: Task #287477874: depth 5, type 2, seed 287477874, output 1128721292 (0 descendants)
EXECUTION TRACE: Task #2960558544: depth 5, type 5, seed 2960558544, output 3030263164 (0 descendants)
EXECUTION TRACE: Task #2139365024: depth 5, type 5, seed 2139365024, output 3045329371 (0 descendants)
EXECUTION TRACE: Task #4123835006: depth 5, type 2, seed 4123835006, output 2140119357 (0 descendants)
EXECUTION TRACE: Task #1043216939: depth 5, type 2, seed 1043216939, output 1044699496 (0 descendants)
EXECUTION TRACE: Task #2116034956: depth 5, type 2, seed 2116034956, output 932126634 (0 descendants)
EXECUTION TRACE: Task #1307880053: depth 5, type 2, seed 1307880053, output 3835122897 (0 descendants)
EXECUTION TRACE: Task #2695852065: depth 5, type 5, seed 2695852065, output 3522801753 (0 descendants)
EXECUTION TRACE: Task #932887721: depth 5, type 5, seed 932887721, output 2048463345 (0 descendants)
EXECUTION TRACE: Task #1263718067: depth 5, type 1, seed 1263718067, output 67048 (0 descendants)
EXECUTION TRACE: Task #1818359236: depth 5, type 1, seed 1818359236, output 59513 (0 descendants)
EXECUTION TRACE: Task #1920611207: depth 5, type 3, seed 1920611207, output 10279 (0 descendants)
EXECUTION TRACE: Task #2265989655: depth 5, type 4, seed 2265989655, output 1681471843 (0 descendants)
EXECUTION TRACE: Task #1199144478: depth 5, type 2, seed 1199144478, output 45202683 (0 descendants)
EXECUTION TRACE: Task #899570070: depth 5, type 1, seed 899570070, output 80831 (0 descendants)
EXECUTION TRACE: Task #2985115188: depth 5, type 3, seed 2985115188, output 6910 (0 descendants)
EXECUTION TRACE: Task #1591492191: depth 5, type 3, seed 1591492191, output 12462 (0 descendants)
EXECUTION TRACE: Task #1943793277: depth 5, type 1, seed 1943793277, output 67305 (0 descendants)
EXECUTION TRACE: Task #1838760864: depth 5, type 4, seed 1838760864, output 962999600 (0 descendants)
EXECUTION TRACE: Task #4149183215: depth 5, type 2, seed 4149183215, output 2825561323 (0 descendants)
EXECUTION TRACE: Task #2981749171: depth 5, type 5, seed 2981749171, output 1505138422 (0 descendants)
EXECUTION TRACE: Task #4154914260: depth 5, type 5, seed 4154914260, output 3409483042 (0 descendants)
EXECUTION TRACE: Task #2041738643: depth 5, type 1, seed 2041738643, output 60745 (0 descendants)
EXECUTION TRACE: Task #1064615348: depth 5, type 5, seed 1064615348, output 1736675876 (0 descendants)
EXECUTION TRACE: Task #2071105771: depth 5, type 3, seed 2071105771, output 9174 (0 descendants)
EXECUTION TRACE: Task #1148434024: depth 5, type 2, seed 1148434024, output 4287455448 (0 descendants)
EXECUTION TRACE: Task #2254721055: depth 5, type 1, seed 2254721055, output 62710 (0 descendants)
EXECUTION TRACE: Task #1454646579: depth 5, type 5, seed 1454646579, output 348907552 (0 descendants)
EXECUTION TRACE: Task #3257132326: depth 5, type 1, seed 3257132326, output 48161 (0 descendants)
EXECUTION TRACE: Task #2124738877: depth 5, type 3, seed 2124738877, output 16290 (0 descendants)
EXECUTION TRACE: Task #2078910546: depth 5, type 1, seed 2078910546, output 72182 (0 descendants)
EXECUTION TRACE: Task #699807738: depth 5, type 1, seed 699807738, output 19285 (0 descendants)
EXECUTION TRACE: Task #3292650099: depth 5, type 2, seed 3292650099, output 1499944337 (0 descendants)
EXECUTION TRACE: Task #512645393: depth 5, type 4, seed 512645393, output 859387958 (0 descendants)
EXECUTION TRACE: Task #68251074: depth 5, type 2, seed 68251074, output 1782921947 (0 descendants)
EXECUTION TRACE: Task #4148411180: depth 5, type 2, seed 4148411180, output 1584892810 (0 descendants)
EXECUTION TRACE: Task #1227309990: depth 5, type 3, seed 1227309990, output 14411 (0 descendants)
EXECUTION TRACE: Task #334857973: depth 5, type 4, seed 334857973, output 858940721 (0 descendants)
EXECUTION TRACE: Task #355799704: depth 5, type 5, seed 355799704, output 2574009582 (0 descendants)
EXECUTION TRACE: Task #1928117336: depth 5, type 5, seed 1928117336, output 815019522 (0 descendants)
EXECUTION TRACE: Task #2230514965: depth 5, type 2, seed 2230514965, output 3374611786 (0 descendants)
EXECUTION TRACE: Task #2200972719: depth 5, type 4, seed 2200972719, output 926232628 (0 descendants)
EXECUTION TRACE: Task #1475227907: depth 5, type 4, seed 1475227907, output 1714513464 (0 descendants)
EXECUTION TRACE: Task #1316849769: depth 5, type 5, seed 1316849769, output 994267224 (0 descendants)
EXECUTION TRACE: Task #3461403899: depth 5, type 1, seed 3461403899, output 71585 (0 descendants)
EXECUTION TRACE: Task #1584038327: depth 5, type 2, seed 1584038327, output 729025312 (0 descendants)
EXECUTION TRACE: Task #379763106: depth 5, type 5, seed 379763106, output 3293078271 (0 descendants)
EXECUTION TRACE: Task #1968367563: depth 5, type 3, seed 1968367563, output 8007 (0 descendants)
EXECUTION TRACE: Task #2055607903: depth 5, type 4, seed 2055607903, output 926049846 (0 descendants)
EXECUTION TRACE: Task #984008389: depth 5, type 5, seed 984008389, output 2287446000 (0 descendants)
EXECUTION TRACE: Task #635284751: depth 5, type 2, seed 635284751, output 2450571780 (0 descendants)
EXECUTION TRACE: Task #2018401566: depth 5, type 3, seed 2018401566, output 11926 (0 descendants)
EXECUTION TRACE: Task #4060422215: depth 5, type 1, seed 4060422215, output 48401 (0 descendants)
EXECUTION TRACE: Task #2084630895: depth 5, type 3, seed 2084630895, output 11348 (0 descendants)
EXECUTION TRACE: Task #1583860586: depth 5, type 4, seed 1583860586, output 858808630 (0 descendants)
EXECUTION TRACE: Task #1498424211: depth 5, type 2, seed 1498424211, output 4241135978 (0 descendants)
EXECUTION TRACE: Task #406202625: depth 5, type 3, seed 406202625, output 15530 (0 descendants)
EXECUTION TRACE: Task #2373699883: depth 5, type 1, seed 2373699883, output 57872 (0 descendants)
EXECUTION TRACE: Task #1887404255: depth 5, type 3, seed 1887404255, output 9122 (0 descendants)
EXECUTION TRACE: Task #3799172553: depth 5, type 3, seed 3799172553, output 8639 (0 descendants)
EXECUTION TRACE: Task #814393407: depth 5, type 1, seed 814393407, output 2866 (0 descendants)
EXECUTION TRACE: Task #2209414965: depth 5, type 3, seed 2209414965, output 18530 (0 descendants)
EXECUTION TRACE: Task #2302209433: depth 5, type 3, seed 2302209433, output 20205 (0 descendants)
EXECUTION TRACE: Task #610919908: depth 5, type 4, seed 610919908, output 895693922 (0 descendants)
EXECUTION TRACE: Task #1458676376: depth 5, type 2, seed 1458676376, output 1563045649 (0 descendants)
EXECUTION TRACE: Task #1578514655: depth 5, type 3, seed 1578514655, output 9656 (0 descendants)
EXECUTION TRACE: Task #827476209: depth 5, type 3, seed 827476209, output 11532 (0 descendants)
EXECUTION TRACE: Task #199715139: depth 5, type 2, seed 199715139, output 1255040099 (0 descendants)
EXECUTION TRACE: Task #643889438: depth 5, type 3, seed 643889438, output 6742 (0 descendants)
EXECUTION TRACE: Task #3159431743: depth 5, type 3, seed 3159431743, output 8376 (0 descendants)
EXECUTION TRACE: Task #3379626247: depth 5, type 1, seed 3379626247, output 68356 (0 descendants)
EXECUTION TRACE: Task #3461084106: depth 5, type 3, seed 3461084106, output 9194 (0 descendants)
EXECUTION TRACE: Task #3479412863: depth 5, type 1, seed 3479412863, output 49041 (0 descendants)
EXECUTION TRACE: Task #1814048720: depth 5, type 2, seed 1814048720, output 295383641 (0 descendants)
EXECUTION TRACE: Task #2467375432: depth 5, type 1, seed 2467375432, output 14852 (0 descendants)
EXECUTION TRACE: Task #1940953986: depth 5, type 5, seed 1940953986, output 3952573110 (0 descendants)
EXECUTION TRACE: Task #2401231990: depth 5, type 1, seed 2401231990, output 51600 (0 descendants)
EXECUTION TRACE: Task #1335481004: depth 5, type 2, seed 1335481004, output 2639915597 (0 descendants)
EXECUTION TRACE: Task #3966400122: depth 5, type 1, seed 3966400122, output 9487 (0 descendants)
EXECUTION TRACE: Task #4167077311: depth 5, type 2, seed 4167077311, output 4064887090 (0 descendants)
EXECUTION TRACE: Task #4238194451: depth 5, type 5, seed 4238194451, output 1584395602 (0 descendants)
EXECUTION TRACE: Task #3688761000: depth 5, type 5, seed 3688761000, output 467388784 (0 descendants)
EXECUTION TRACE: Task #3233906512: depth 5, type 2, seed 3233906512, output 2163589989 (0 descendants)
EXECUTION TRACE: Task #1083448454: depth 5, type 2, seed 1083448454, output 2054146746 (0 descendants)
EXECUTION TRACE: Task #2208231406: depth 5, type 5, seed 2208231406, output 22484453 (0 descendants)
EXECUTION TRACE: Task #3723817517: depth 5, type 1, seed 3723817517, output 48591 (0 descendants)
EXECUTION TRACE: Task #1384984239: depth 5, type 2, seed 1384984239, output 3363336657 (0 descendants)
EXECUTION TRACE: Task #3831271192: depth 5, type 5, seed 3831271192, output 1909914368 (0 descendants)
EXECUTION TRACE: Task #2656962289: depth 5, type 5, seed 2656962289, output 4241461355 (0 descendants)
EXECUTION TRACE: Task #507864834: depth 5, type 1, seed 507864834, output 10591 (0 descendants)
EXECUTION TRACE: Task #2694671888: depth 5, type 2, seed 2694671888, output 602841522 (0 descendants)
EXECUTION TRACE: Task #1893318380: depth 5, type 3, seed 1893318380, output 9860 (0 descendants)
EXECUTION TRACE: Task #1675187335: depth 5, type 5, seed 1675187335, output 3408448430 (0 descendants)
EXECUTION TRACE: Task #1284266618: depth 5, type 1, seed 1284266618, output 77481 (0 descendants)
EXECUTION TRACE: Task #1688738156: depth 5, type 5, seed 1688738156, output 237433778 (0 descendants)
EXECUTION TRACE: Task #2473728768: depth 5, type 2, seed 2473728768, output 2093767506 (0 descendants)
EXECUTION TRACE: Task #1396334213: depth 5, type 3, seed 1396334213, output 18045 (0 descendants)
EXECUTION TRACE: Task #4028754023: depth 5, type 3, seed 4028754023, output 10186 (0 descendants)
EXECUTION TRACE: Task #2916047900: depth 5, type 1, seed 2916047900, output 60973 (0 descendants)
EXECUTION TRACE: Task #2002381972: depth 5, type 5, seed 2002381972, output 2755250775 (0 descendants)
EXECUTION TRACE: Task #4132919005: depth 5, type 2, seed 4132919005, output 115176137 (0 descendants)
EXECUTION TRACE: Task #1012373157: depth 5, type 3, seed 1012373157, output 10509 (0 descendants)
EXECUTION TRACE: Task #1543203846: depth 5, type 4, seed 1543203846, output 811807539 (0 descendants)
EXECUTION TRACE: Task #868557528: depth 5, type 1, seed 868557528, output 58338 (0 descendants)
EXECUTION TRACE: Task #2015885636: depth 5, type 1, seed 2015885636, output 56330 (0 descendants)
EXECUTION TRACE: Task #1027262557: depth 5, type 5, seed 1027262557, output 1736417761 (0 descendants)
EXECUTION TRACE: Task #2828712454: depth 5, type 2, seed 2828712454, output 2088597473 (0 descendants)
EXECUTION TRACE: Task #586537102: depth 5, type 2, seed 586537102, output 3199349843 (0 descendants)
EXECUTION TRACE: Task #3055826513: depth 5, type 5, seed 3055826513, output 1473567332 (0 descendants)
EXECUTION TRACE: Task #1512012607: depth 5, type 1, seed 1512012607, output 63891 (0 descendants)
EXECUTION TRACE: Task #2412702317: depth 5, type 5, seed 2412702317, output 2423421240 (0 descendants)
EXECUTION TRACE: Task #2752630025: depth 5, type 1, seed 2752630025, output 35095 (0 descendants)
EXECUTION TRACE: Task #2748225084: depth 5, type 3, seed 2748225084, output 11211 (0 descendants)
EXECUTION TRACE: Task #3847513102: depth 5, type 2, seed 3847513102, output 4031580109 (0 descendants)
EXECUTION TRACE: Task #4286644017: depth 5, type 1, seed 4286644017, output 29813 (0 descendants)
EXECUTION TRACE: Task #775090191: depth 5, type 1, seed 775090191, output 39201 (0 descendants)
EXECUTION TRACE: Task #1222282096: depth 5, type 2, seed 1222282096, output 4287341351 (0 descendants)
EXECUTION TRACE: Task #2387945622: depth 5, type 2, seed 2387945622, output 1727016663 (0 descendants)
EXECUTION TRACE: Task #1368465904: depth 5, type 5, seed 1368465904, output 1664452406 (0 descendants)
EXECUTION TRACE: Task #4154083827: depth 5, type 5, seed 4154083827, output 3037506372 (0 descendants)
EXECUTION TRACE: Task #4046006844: depth 5, type 2, seed 4046006844, output 4275006730 (0 descendants)
EXECUTION TRACE: Task #3001537894: depth 5, type 1, seed 3001537894, output 33833 (0 descendants)
EXECUTION TRACE: Task #400957946: depth 5, type 1, seed 400957946, output 37358 (0 descendants)
EXECUTION TRACE: Task #2649841383: depth 5, type 1, seed 2649841383, output 38905 (0 descendants)
EXECUTION TRACE: Task #1166123812: depth 5, type 2, seed 1166123812, output 1059207053 (0 descendants)
EXECUTION TRACE: Task #2918765860: depth 5, type 4, seed 2918765860, output 1667641651 (0 descendants)
EXECUTION TRACE: Task #2943500256: depth 5, type 5, seed 2943500256, output 2535643182 (0 descendants)
EXECUTION TRACE: Task #3411399184: depth 5, type 4, seed 3411399184, output 828454705 (0 descendants)
EXECUTION TRACE: Task #2658052529: depth 5, type 1, seed 2658052529, output 4675 (0 descendants)
EXECUTION TRACE: Task #2919393151: depth 5, type 1, seed 2919393151, output 66419 (0 descendants)
EXECUTION TRACE: Task #4017685938: depth 5, type 2, seed 4017685938, output 623379628 (0 descendants)
EXECUTION TRACE: Task #973915068: depth 5, type 5, seed 973915068, output 73871120 (0 descendants)
EXECUTION TRACE: Task #1827471591: depth 5, type 3, seed 1827471591, output 10156 (0 descendants)
EXECUTION TRACE: Task #1975492680: depth 5, type 5, seed 1975492680, output 1735162408 (0 descendants)
EXECUTION TRACE: Task #3483904841: depth 5, type 3, seed 3483904841, output 10700 (0 descendants)
EXECUTION TRACE: Task #1562268654: depth 5, type 5, seed 1562268654, output 3462348577 (0 descendants)
EXECUTION TRACE: Task #1284465160: depth 5, type 4, seed 1284465160, output 828780897 (0 descendants)
EXECUTION TRACE: Task #931949313: depth 5, type 4, seed 931949313, output 1714697522 (0 descendants)
EXECUTION TRACE: Task #3019436937: depth 5, type 5, seed 3019436937, output 1538524993 (0 descendants)
EXECUTION TRACE: Task #498507679: depth 5, type 1, seed 498507679, output 13960 (0 descendants)
EXECUTION TRACE: Task #1077988695: depth 5, type 5, seed 1077988695, output 704034750 (0 descendants)
EXECUTION TRACE: Task #1624963529: depth 5, type 3, seed 1624963529, output 14523 (0 descendants)
EXECUTION TRACE: Task #3560328230: depth 5, type 5, seed 3560328230, output 2943798421 (0 descendants)
EXECUTION TRACE: Task #1026403420: depth 5, type 3, seed 1026403420, output 9716 (0 descendants)
EXECUTION TRACE: Task #3683178948: depth 5, type 1, seed 3683178948, output 79848 (0 descendants)
========================== START EXECUTION METRIC BLOCK FOR VERIFICATION ==========================
Rank 0: 78396ms of 78540ms (0.99817) - completed: 77 67 73 52 82
Overall: 78396ms of 78540ms (0.99817) - completed: 77 67 73 52 82
FINAL RUNTIME: 78540ms
========================== END EXECUTION METRIC BLOCK FOR VERIFICATION ==========================
+ set +x
